------------------------------------------------------------
Timing Analyzer Summary
------------------------------------------------------------

Type  : Slow 1200mV 85C Model Setup 'inc_enable'
Slack : -5.258
TNS   : -163.681

Type  : Slow 1200mV 85C Model Setup 'clk_100MHz'
Slack : -3.106
TNS   : -71.357

Type  : Slow 1200mV 85C Model Hold 'inc_enable'
Slack : 0.123
TNS   : 0.000

Type  : Slow 1200mV 85C Model Hold 'clk_100MHz'
Slack : 0.353
TNS   : 0.000

Type  : Slow 1200mV 85C Model Minimum Pulse Width 'clk_100MHz'
Slack : -3.000
TNS   : -86.525

Type  : Slow 1200mV 85C Model Minimum Pulse Width 'inc_enable'
Slack : -3.000
TNS   : -64.680

Type  : Slow 1200mV 0C Model Setup 'inc_enable'
Slack : -4.678
TNS   : -145.468

Type  : Slow 1200mV 0C Model Setup 'clk_100MHz'
Slack : -2.749
TNS   : -59.861

Type  : Slow 1200mV 0C Model Hold 'inc_enable'
Slack : 0.042
TNS   : 0.000

Type  : Slow 1200mV 0C Model Hold 'clk_100MHz'
Slack : 0.283
TNS   : 0.000

Type  : Slow 1200mV 0C Model Minimum Pulse Width 'clk_100MHz'
Slack : -3.000
TNS   : -86.525

Type  : Slow 1200mV 0C Model Minimum Pulse Width 'inc_enable'
Slack : -3.000
TNS   : -64.680

Type  : Fast 1200mV 0C Model Setup 'inc_enable'
Slack : -2.031
TNS   : -57.691

Type  : Fast 1200mV 0C Model Setup 'clk_100MHz'
Slack : -0.997
TNS   : -17.229

Type  : Fast 1200mV 0C Model Hold 'clk_100MHz'
Slack : 0.023
TNS   : 0.000

Type  : Fast 1200mV 0C Model Hold 'inc_enable'
Slack : 0.044
TNS   : 0.000

Type  : Fast 1200mV 0C Model Minimum Pulse Width 'clk_100MHz'
Slack : -3.000
TNS   : -72.129

Type  : Fast 1200mV 0C Model Minimum Pulse Width 'inc_enable'
Slack : -3.000
TNS   : -64.927

------------------------------------------------------------
